// Jest Snapshot v1, https://goo.gl/fbAQLP

exports[`My SearchPage should render with given state from Redux store 1`] = `
<div>
  Graph Page
</div>
`;
